Volatility 3 Framework 2.28.2

PID	Process	Base	Size	Name	Path	LoadCount	LoadTime	File output

2948	svchost.exe	0x7ff6a4e60000	0x11000	svchost.exe	C:\Windows\system32\svchost.exe	-1	2026-09-15 17:41:55.000000 UTC	Disabled
2948	svchost.exe	0x7ffa52810000	0x1f8000	ntdll.dll	C:\Windows\SYSTEM32\ntdll.dll	-1	2026-09-15 17:41:55.000000 UTC	Disabled
2948	svchost.exe	0x7ffa508d0000	0xc2000	KERNEL32.DLL	C:\Windows\System32\KERNEL32.DLL	-1	2026-09-15 17:41:55.000000 UTC	Disabled
2948	svchost.exe	0x7ffa50120000	0x2f6000	KERNELBASE.dll	C:\Windows\System32\KERNELBASE.dll	-1	2026-09-15 17:41:55.000000 UTC	Disabled
2948	svchost.exe	0x7ffa517a0000	0x9f000	sechost.dll	C:\Windows\System32\sechost.dll	6	2026-09-15 17:41:55.000000 UTC	Disabled
2948	svchost.exe	0x7ffa51300000	0x120000	RPCRT4.dll	C:\Windows\System32\RPCRT4.dll	6	2026-09-15 17:41:55.000000 UTC	Disabled
2948	svchost.exe	0x7ffa507d0000	0x27000	bcrypt.dll	C:\Windows\System32\bcrypt.dll	6	2026-09-15 17:41:55.000000 UTC	Disabled
2948	svchost.exe	0x7ffa4fea0000	0x100000	ucrtbase.dll	C:\Windows\System32\ucrtbase.dll	6	2026-09-15 17:41:55.000000 UTC	Disabled
2948	svchost.exe	0x7ffa51440000	0x354000	combase.dll	C:\Windows\System32\combase.dll	6	2026-09-15 17:41:55.000000 UTC	Disabled
2948	svchost.exe	0x7ffa4dd30000	0x12000	kernel.appcore.dll	C:\Windows\SYSTEM32\kernel.appcore.dll	6	2026-09-15 17:41:55.000000 UTC	Disabled
2948	svchost.exe	0x7ffa50e60000	0x9e000	msvcrt.dll	C:\Windows\System32\msvcrt.dll	6	2026-09-15 17:41:55.000000 UTC	Disabled
2948	svchost.exe	0x7ffa506a0000	0x82000	bcryptPrimitives.dll	C:\Windows\System32\bcryptPrimitives.dll	-1	2026-09-15 17:41:55.000000 UTC	Disabled
2948	svchost.exe	0x7ffa520f0000	0x1a1000	user32.dll	C:\Windows\System32\user32.dll	6	2026-09-15 17:41:55.000000 UTC	Disabled
2948	svchost.exe	0x7ffa50800000	0x22000	win32u.dll	C:\Windows\System32\win32u.dll	6	2026-09-15 17:41:55.000000 UTC	Disabled
2948	svchost.exe	0x7ffa512d0000	0x2b000	GDI32.dll	C:\Windows\System32\GDI32.dll	6	2026-09-15 17:41:55.000000 UTC	Disabled
2948	svchost.exe	0x7ffa50580000	0x119000	gdi32full.dll	C:\Windows\System32\gdi32full.dll	6	2026-09-15 17:41:55.000000 UTC	Disabled
2948	svchost.exe	0x7ffa50730000	0x9d000	msvcp_win.dll	C:\Windows\System32\msvcp_win.dll	6	2026-09-15 17:41:55.000000 UTC	Disabled
2948	svchost.exe	0x7ffa40050000	0x41000	wpnservice.dll	c:\windows\system32\wpnservice.dll	6	2026-09-15 17:41:56.000000 UTC	Disabled
2948	svchost.exe	0x7ffa50c60000	0xcd000	OLEAUT32.dll	C:\Windows\System32\OLEAUT32.dll	6	2026-09-15 17:41:56.000000 UTC	Disabled
2948	svchost.exe	0x7ffa4f7f0000	0x2b000	WLDP.DLL	C:\Windows\SYSTEM32\WLDP.DLL	6	2026-09-15 17:41:56.000000 UTC	Disabled
2948	svchost.exe	0x7ffa52710000	0xb1000	advapi32.dll	C:\Windows\System32\advapi32.dll	6	2026-09-15 17:41:56.000000 UTC	Disabled
2948	svchost.exe	0x7ffa50f00000	0xa9000	clbcatq.dll	C:\Windows\System32\clbcatq.dll	6	2026-09-15 17:41:56.000000 UTC	Disabled
2948	svchost.exe	0x7ffa3f590000	0x177000	wpncore.dll	C:\Windows\System32\wpncore.dll	6	2026-09-15 17:41:56.000000 UTC	Disabled
2948	svchost.exe	0x7ffa50a00000	0xad000	shcore.dll	C:\Windows\System32\shcore.dll	6	2026-09-15 17:41:56.000000 UTC	Disabled
2948	svchost.exe	0x7ffa3f480000	0x104000	winsqlite3.dll	C:\Windows\System32\winsqlite3.dll	6	2026-09-15 17:41:56.000000 UTC	Disabled
2948	svchost.exe	0x7ffa46340000	0x10a000	WINHTTP.dll	C:\Windows\System32\WINHTTP.dll	6	2026-09-15 17:41:56.000000 UTC	Disabled
2948	svchost.exe	0x7ffa4fd00000	0x4b000	powrprof.dll	C:\Windows\SYSTEM32\powrprof.dll	6	2026-09-15 17:41:56.000000 UTC	Disabled
2948	svchost.exe	0x7ffa45260000	0x1f2000	urlmon.dll	C:\Windows\System32\urlmon.dll	6	2026-09-15 17:41:56.000000 UTC	Disabled
2948	svchost.exe	0x7ffa4b950000	0x157000	wintypes.dll	C:\Windows\SYSTEM32\wintypes.dll	6	2026-09-15 17:41:56.000000 UTC	Disabled
2948	svchost.exe	0x7ffa4fce0000	0x12000	UMPDC.dll	C:\Windows\System32\UMPDC.dll	6	2026-09-15 17:41:56.000000 UTC	Disabled
2948	svchost.exe	0x7ffa466c0000	0x2bf000	iertutil.dll	C:\Windows\System32\iertutil.dll	6	2026-09-15 17:41:56.000000 UTC	Disabled
2948	svchost.exe	0x7ffa46690000	0x28000	srvcli.dll	C:\Windows\System32\srvcli.dll	6	2026-09-15 17:41:56.000000 UTC	Disabled
2948	svchost.exe	0x7ffa4f340000	0xc000	netutils.dll	C:\Windows\System32\netutils.dll	6	2026-09-15 17:41:56.000000 UTC	Disabled
2948	svchost.exe	0x7ffa4df30000	0x7a5000	windows.storage.dll	C:\Windows\SYSTEM32\windows.storage.dll	6	2026-09-15 17:41:56.000000 UTC	Disabled
2948	svchost.exe	0x7ffa49d50000	0x7d4000	OneCoreUAPCommonProxyStub.dll	C:\Windows\System32\OneCoreUAPCommonProxyStub.dll	6	2026-09-15 17:41:56.000000 UTC	Disabled
2948	svchost.exe	0x7ffa4b470000	0x16000	usermgrcli.dll	C:\Windows\SYSTEM32\usermgrcli.dll	6	2026-09-15 17:42:05.000000 UTC	Disabled
2948	svchost.exe	0x7ffa37270000	0xa7000	wpnprv.dll	C:\Windows\System32\wpnprv.dll	6	2026-09-15 17:42:05.000000 UTC	Disabled
2948	svchost.exe	0x7ffa4b550000	0x1d000	nlaapi.dll	C:\Windows\System32\nlaapi.dll	6	2026-09-15 17:42:05.000000 UTC	Disabled
2948	svchost.exe	0x7ffa4fb90000	0x19000	EventAggregation.dll	C:\Windows\System32\EventAggregation.dll	6	2026-09-15 17:42:05.000000 UTC	Disabled
2948	svchost.exe	0x7ffa4f230000	0x3b000	IPHLPAPI.DLL	C:\Windows\System32\IPHLPAPI.DLL	6	2026-09-15 17:42:05.000000 UTC	Disabled
2948	svchost.exe	0x7ffa4fd50000	0x32000	SspiCli.dll	C:\Windows\System32\SspiCli.dll	6	2026-09-15 17:42:05.000000 UTC	Disabled
2948	svchost.exe	0x7ffa4b250000	0x36000	XmlLite.dll	C:\Windows\System32\XmlLite.dll	6	2026-09-15 17:42:05.000000 UTC	Disabled
2948	svchost.exe	0x7ffa4f760000	0xc000	CRYPTBASE.DLL	C:\Windows\System32\CRYPTBASE.DLL	6	2026-09-15 17:42:05.000000 UTC	Disabled
2948	svchost.exe	0x7ffa4da60000	0x2a000	rmclient.dll	C:\Windows\SYSTEM32\rmclient.dll	6	2026-09-15 17:42:05.000000 UTC	Disabled
2948	svchost.exe	0x7ffa4b570000	0x3f000	netprofm.dll	C:\Windows\System32\netprofm.dll	6	2026-09-15 17:42:05.000000 UTC	Disabled
2948	svchost.exe	0x7ffa51050000	0x6b000	WS2_32.dll	C:\Windows\System32\WS2_32.dll	6	2026-09-15 17:42:05.000000 UTC	Disabled
2948	svchost.exe	0x7ffa45200000	0x10000	npmproxy.dll	C:\Windows\System32\npmproxy.dll	6	2026-09-15 17:42:05.000000 UTC	Disabled
2948	svchost.exe	0x7ffa4b8c0000	0x14000	wtsapi32.dll	C:\Windows\SYSTEM32\wtsapi32.dll	6	2026-09-15 17:42:05.000000 UTC	Disabled
2948	svchost.exe	0x7ffa4fc70000	0x63000	WINSTA.dll	C:\Windows\SYSTEM32\WINSTA.dll	6	2026-09-15 17:42:05.000000 UTC	Disabled
2948	svchost.exe	0x7ffa4ef90000	0x19000	wkscli.dll	C:\Windows\System32\wkscli.dll	6	2026-09-15 17:42:05.000000 UTC	Disabled
2948	svchost.exe	0x7ffa39a60000	0xf4000	Windows.Security.Authentication.OnlineId.dll	C:\Windows\System32\Windows.Security.Authentication.OnlineId.dll	6	2026-09-15 17:42:05.000000 UTC	Disabled
2948	svchost.exe	0x7ffa50420000	0x15d000	CRYPT32.dll	C:\Windows\System32\CRYPT32.dll	6	2026-09-15 17:42:05.000000 UTC	Disabled
2948	svchost.exe	0x7ffa4fbb0000	0xa000	DPAPI.DLL	C:\Windows\System32\DPAPI.DLL	6	2026-09-15 17:42:05.000000 UTC	Disabled
2948	svchost.exe	0x7ffa50830000	0x8000	NSI.dll	C:\Windows\System32\NSI.dll	6	2026-09-15 17:42:05.000000 UTC	Disabled
2948	svchost.exe	0x7ffa35ef0000	0x29000	Windows.Networking.Sockets.PushEnabledApplication.dll	C:\Windows\System32\Windows.Networking.Sockets.PushEnabledApplication.dll	6	2026-09-15 17:42:05.000000 UTC	Disabled
2948	svchost.exe	0x7ffa4a8e0000	0x203000	twinapi.appcore.dll	C:\Windows\SYSTEM32\twinapi.appcore.dll	6	2026-09-15 17:42:05.000000 UTC	Disabled
2948	svchost.exe	0x7ffa4f550000	0x6a000	mswsock.dll	C:\Windows\system32\mswsock.dll	6	2026-09-15 17:42:05.000000 UTC	Disabled
2948	svchost.exe	0x7ffa4f270000	0xca000	DNSAPI.dll	C:\Windows\SYSTEM32\DNSAPI.dll	6	2026-09-15 17:42:05.000000 UTC	Disabled
2948	svchost.exe	0x7ffa44460000	0xa000	rasadhlp.dll	C:\Windows\System32\rasadhlp.dll	6	2026-09-15 17:42:05.000000 UTC	Disabled
2948	svchost.exe	0x7ffa45ec0000	0x80000	fwpuclnt.dll	C:\Windows\System32\fwpuclnt.dll	6	2026-09-15 17:42:05.000000 UTC	Disabled
2948	svchost.exe	0x7ffa4ed80000	0x97000	schannel.DLL	C:\Windows\system32\schannel.DLL	6	2026-09-15 17:42:05.000000 UTC	Disabled
2948	svchost.exe	0x7ffa3c5e0000	0x15000	mskeyprotect.dll	C:\Windows\SYSTEM32\mskeyprotect.dll	6	2026-09-15 17:42:06.000000 UTC	Disabled
2948	svchost.exe	0x7ffa4f820000	0x3b000	NTASN1.dll	C:\Windows\SYSTEM32\NTASN1.dll	6	2026-09-15 17:42:06.000000 UTC	Disabled
2948	svchost.exe	0x7ffa4f860000	0x27000	ncrypt.dll	C:\Windows\system32\ncrypt.dll	6	2026-09-15 17:42:06.000000 UTC	Disabled
2948	svchost.exe	0x7ffa3da30000	0x26000	ncryptsslp.dll	C:\Windows\system32\ncryptsslp.dll	6	2026-09-15 17:42:06.000000 UTC	Disabled
2948	svchost.exe	0x7ffa4f740000	0x18000	cryptsp.dll	C:\Windows\SYSTEM32\cryptsp.dll	6	2026-09-15 17:42:06.000000 UTC	Disabled
2948	svchost.exe	0x7ffa4ee70000	0x38000	rsaenh.dll	C:\Windows\system32\rsaenh.dll	6	2026-09-15 17:42:06.000000 UTC	Disabled
2948	svchost.exe	0x7ff9fe420000	0x17000	keepaliveprovider.dll	C:\Windows\system32\keepaliveprovider.dll	6	2026-09-15 17:43:05.000000 UTC	Disabled
2948	svchost.exe	0x7ffa4ae90000	0xa1000	policymanager.dll	C:\Windows\SYSTEM32\policymanager.dll	6	2026-09-15 17:56:55.000000 UTC	Disabled
2948	svchost.exe	0x7ffa4ef00000	0x8a000	msvcp110_win.dll	C:\Windows\System32\msvcp110_win.dll	6	2026-09-15 17:56:55.000000 UTC	Disabled
2948	svchost.exe	0x7ffa38a10000	0x61000	execmodelclient.dll	C:\Windows\System32\execmodelclient.dll	6	2026-09-15 17:56:55.000000 UTC	Disabled
2948	svchost.exe	0x7ffa4b720000	0xf4000	PROPSYS.dll	C:\Windows\System32\PROPSYS.dll	6	2026-09-15 17:56:55.000000 UTC	Disabled
2948	svchost.exe	0x7ffa4d170000	0xf2000	CoreMessaging.dll	C:\Windows\System32\CoreMessaging.dll	6	2026-09-15 17:56:55.000000 UTC	Disabled
2948	svchost.exe	0x7ffa37920000	0x18000	execmodelproxy.dll	C:\Windows\system32\execmodelproxy.dll	6	2026-09-15 17:56:55.000000 UTC	Disabled
2948	svchost.exe	0x7ffa39b60000	0xb9000	Windows.Networking.Connectivity.dll	C:\Windows\System32\Windows.Networking.Connectivity.dll	6	2026-09-15 17:56:55.000000 UTC	Disabled
2948	svchost.exe	0x7ffa4a650000	0xb000	WINNSI.DLL	C:\Windows\SYSTEM32\WINNSI.DLL	6	2026-09-15 18:58:45.000000 UTC	Disabled
2948	svchost.exe	0x7ffa4fbc0000	0xa2000	sxs.dll	C:\Windows\SYSTEM32\sxs.dll	6	2026-09-15 18:58:45.000000 UTC	Disabled
2948	svchost.exe	0x7ffa49930000	0x17000	dhcpcsvc6.DLL	C:\Windows\SYSTEM32\dhcpcsvc6.DLL	6	2026-09-15 18:58:45.000000 UTC	Disabled
2948	svchost.exe	0x7ffa49890000	0x1d000	dhcpcsvc.DLL	C:\Windows\SYSTEM32\dhcpcsvc.DLL	6	2026-09-15 18:58:45.000000 UTC	Disabled
2948	svchost.exe	0x7ffa40210000	0x99000	webio.dll	C:\Windows\System32\webio.dll	6	2026-09-15 18:58:45.000000 UTC	Disabled
