Volatility 3 Framework 2.28.2

PID	Process	Base	Size	Name	Path	LoadCount	LoadTime	File output

1260	explorer.exe	0x7ff691560000	0x5c9000	explorer.exe	C:\Windows\explorer.exe	-1	2026-09-15 18:43:36.000000 UTC	Disabled
1260	explorer.exe	0x7ffa52810000	0x1f8000	ntdll.dll	C:\Windows\SYSTEM32\ntdll.dll	-1	2026-09-15 18:43:36.000000 UTC	Disabled
1260	explorer.exe	0x7ffa508d0000	0xc2000	KERNEL32.DLL	C:\Windows\System32\KERNEL32.DLL	-1	2026-09-15 18:43:36.000000 UTC	Disabled
1260	explorer.exe	0x7ffa50120000	0x2f6000	KERNELBASE.dll	C:\Windows\System32\KERNELBASE.dll	-1	2026-09-15 18:43:36.000000 UTC	Disabled
1260	explorer.exe	0x7ffa50730000	0x9d000	msvcp_win.dll	C:\Windows\System32\msvcp_win.dll	6	2026-09-15 18:43:36.000000 UTC	Disabled
1260	explorer.exe	0x7ffa4fea0000	0x100000	ucrtbase.dll	C:\Windows\System32\ucrtbase.dll	6	2026-09-15 18:43:36.000000 UTC	Disabled
1260	explorer.exe	0x7ffa51440000	0x354000	combase.dll	C:\Windows\System32\combase.dll	6	2026-09-15 18:43:36.000000 UTC	Disabled
1260	explorer.exe	0x7ffa51300000	0x120000	RPCRT4.dll	C:\Windows\System32\RPCRT4.dll	6	2026-09-15 18:43:36.000000 UTC	Disabled
1260	explorer.exe	0x7ffa50c60000	0xcd000	OLEAUT32.dll	C:\Windows\System32\OLEAUT32.dll	6	2026-09-15 18:43:36.000000 UTC	Disabled
1260	explorer.exe	0x7ffa50a00000	0xad000	shcore.dll	C:\Windows\System32\shcore.dll	6	2026-09-15 18:43:36.000000 UTC	Disabled
1260	explorer.exe	0x7ffa50e60000	0x9e000	msvcrt.dll	C:\Windows\System32\msvcrt.dll	6	2026-09-15 18:43:36.000000 UTC	Disabled
1260	explorer.exe	0x7ffa52710000	0xb1000	advapi32.dll	C:\Windows\System32\advapi32.dll	6	2026-09-15 18:43:36.000000 UTC	Disabled
1260	explorer.exe	0x7ffa517a0000	0x9f000	sechost.dll	C:\Windows\System32\sechost.dll	6	2026-09-15 18:43:36.000000 UTC	Disabled
1260	explorer.exe	0x7ffa3a920000	0xa6000	AEPIC.dll	C:\Windows\SYSTEM32\AEPIC.dll	6	2026-09-15 18:43:36.000000 UTC	Disabled
1260	explorer.exe	0x7ffa507d0000	0x27000	bcrypt.dll	C:\Windows\System32\bcrypt.dll	6	2026-09-15 18:43:36.000000 UTC	Disabled
1260	explorer.exe	0x7ffa50ff0000	0x5b000	shlwapi.dll	C:\Windows\System32\shlwapi.dll	6	2026-09-15 18:43:36.000000 UTC	Disabled
1260	explorer.exe	0x7ffa520f0000	0x1a1000	user32.dll	C:\Windows\System32\user32.dll	6	2026-09-15 18:43:36.000000 UTC	Disabled
1260	explorer.exe	0x7ffa50800000	0x22000	win32u.dll	C:\Windows\System32\win32u.dll	6	2026-09-15 18:43:36.000000 UTC	Disabled
1260	explorer.exe	0x7ffa512d0000	0x2b000	GDI32.dll	C:\Windows\System32\GDI32.dll	6	2026-09-15 18:43:36.000000 UTC	Disabled
1260	explorer.exe	0x7ffa50580000	0x119000	gdi32full.dll	C:\Windows\System32\gdi32full.dll	6	2026-09-15 18:43:36.000000 UTC	Disabled
1260	explorer.exe	0x7ffa518a0000	0x770000	SHELL32.dll	C:\Windows\System32\SHELL32.dll	6	2026-09-15 18:43:36.000000 UTC	Disabled
1260	explorer.exe	0x7ffa4fd90000	0x2e000	USERENV.dll	C:\Windows\SYSTEM32\USERENV.dll	6	2026-09-15 18:43:36.000000 UTC	Disabled
1260	explorer.exe	0x7ffa4f230000	0x3b000	IPHLPAPI.DLL	C:\Windows\SYSTEM32\IPHLPAPI.DLL	6	2026-09-15 18:43:36.000000 UTC	Disabled
1260	explorer.exe	0x7ffa4fd00000	0x4b000	powrprof.dll	C:\Windows\SYSTEM32\powrprof.dll	6	2026-09-15 18:43:36.000000 UTC	Disabled
1260	explorer.exe	0x7ffa4f0c0000	0x33000	ntmarta.dll	C:\Windows\SYSTEM32\ntmarta.dll	6	2026-09-15 18:43:36.000000 UTC	Disabled
1260	explorer.exe	0x7ffa4f740000	0x18000	cryptsp.dll	C:\Windows\SYSTEM32\cryptsp.dll	6	2026-09-15 18:43:36.000000 UTC	Disabled
1260	explorer.exe	0x7ffa4df30000	0x7a5000	windows.storage.dll	C:\Windows\SYSTEM32\windows.storage.dll	6	2026-09-15 18:43:36.000000 UTC	Disabled
1260	explorer.exe	0x7ffa4e720000	0xf6000	dxgi.dll	C:\Windows\SYSTEM32\dxgi.dll	6	2026-09-15 18:43:36.000000 UTC	Disabled
1260	explorer.exe	0x7ffa4dd30000	0x12000	kernel.appcore.dll	C:\Windows\SYSTEM32\kernel.appcore.dll	6	2026-09-15 18:43:36.000000 UTC	Disabled
1260	explorer.exe	0x7ffa4d170000	0xf2000	CoreMessaging.dll	C:\Windows\SYSTEM32\CoreMessaging.dll	6	2026-09-15 18:43:36.000000 UTC	Disabled
1260	explorer.exe	0x7ffa4b720000	0xf4000	PROPSYS.dll	C:\Windows\SYSTEM32\PROPSYS.dll	6	2026-09-15 18:43:36.000000 UTC	Disabled
1260	explorer.exe	0x7ffa51050000	0x6b000	WS2_32.dll	C:\Windows\System32\WS2_32.dll	6	2026-09-15 18:43:36.000000 UTC	Disabled
1260	explorer.exe	0x7ffa45260000	0x1f2000	urlmon.dll	C:\Windows\SYSTEM32\urlmon.dll	6	2026-09-15 18:43:36.000000 UTC	Disabled
1260	explorer.exe	0x7ffa4b8c0000	0x14000	WTSAPI32.dll	C:\Windows\SYSTEM32\WTSAPI32.dll	6	2026-09-15 18:43:36.000000 UTC	Disabled
1260	explorer.exe	0x7ffa377c0000	0xa8000	TWINAPI.dll	C:\Windows\SYSTEM32\TWINAPI.dll	6	2026-09-15 18:43:36.000000 UTC	Disabled
1260	explorer.exe	0x7ffa4d840000	0x9e000	UxTheme.dll	C:\Windows\SYSTEM32\UxTheme.dll	6	2026-09-15 18:43:36.000000 UTC	Disabled
1260	explorer.exe	0x7ffa4da30000	0x2e000	dwmapi.dll	C:\Windows\SYSTEM32\dwmapi.dll	6	2026-09-15 18:43:36.000000 UTC	Disabled
1260	explorer.exe	0x7ffa4fd50000	0x32000	SspiCli.dll	C:\Windows\SYSTEM32\SspiCli.dll	6	2026-09-15 18:43:36.000000 UTC	Disabled
1260	explorer.exe	0x7ffa4a8e0000	0x203000	twinapi.appcore.dll	C:\Windows\SYSTEM32\twinapi.appcore.dll	6	2026-09-15 18:43:36.000000 UTC	Disabled
1260	explorer.exe	0x7ffa4f7f0000	0x2b000	Wldp.dll	C:\Windows\SYSTEM32\Wldp.dll	6	2026-09-15 18:43:36.000000 UTC	Disabled
1260	explorer.exe	0x7ffa466c0000	0x2bf000	iertutil.dll	C:\Windows\SYSTEM32\iertutil.dll	6	2026-09-15 18:43:36.000000 UTC	Disabled
1260	explorer.exe	0x7ffa46690000	0x28000	srvcli.dll	C:\Windows\SYSTEM32\srvcli.dll	6	2026-09-15 18:43:36.000000 UTC	Disabled
1260	explorer.exe	0x7ffa4f340000	0xc000	netutils.dll	C:\Windows\SYSTEM32\netutils.dll	6	2026-09-15 18:43:36.000000 UTC	Disabled
1260	explorer.exe	0x7ffa42530000	0x4d6000	WININET.dll	C:\Windows\SYSTEM32\WININET.dll	6	2026-09-15 18:43:36.000000 UTC	Disabled
1260	explorer.exe	0x7ffa506a0000	0x82000	bcryptPrimitives.dll	C:\Windows\System32\bcryptPrimitives.dll	-1	2026-09-15 18:43:36.000000 UTC	Disabled
1260	explorer.exe	0x7ffa50fb0000	0x2f000	IMM32.DLL	C:\Windows\System32\IMM32.DLL	6	2026-09-15 18:43:36.000000 UTC	Disabled
1260	explorer.exe	0x7ffa4fce0000	0x12000	UMPDC.dll	C:\Windows\SYSTEM32\UMPDC.dll	6	2026-09-15 18:43:36.000000 UTC	Disabled
1260	explorer.exe	0x7ffa4aba0000	0x6a000	NInput.dll	C:\Windows\SYSTEM32\NInput.dll	6	2026-09-15 18:43:36.000000 UTC	Disabled
1260	explorer.exe	0x7ffa510c0000	0x115000	MSCTF.dll	C:\Windows\System32\MSCTF.dll	6	2026-09-15 18:43:36.000000 UTC	Disabled
1260	explorer.exe	0x7ffa50d30000	0x12b000	ole32.dll	C:\Windows\System32\ole32.dll	6	2026-09-15 18:43:36.000000 UTC	Disabled
1260	explorer.exe	0x7ffa374d0000	0x29b000	comctl32.dll	C:\Windows\WinSxS\amd64_microsoft.windows.common-controls_6595b64144ccf1df_6.0.19041.6456_none_60b8a6cb71f64256\comctl32.dll	6	2026-09-15 18:43:36.000000 UTC	Disabled
1260	explorer.exe	0x7ffa50f00000	0xa9000	clbcatq.dll	C:\Windows\System32\clbcatq.dll	6	2026-09-15 18:43:36.000000 UTC	Disabled
1260	explorer.exe	0x7ffa37430000	0x94000	appresolver.dll	C:\Windows\System32\appresolver.dll	6	2026-09-15 18:43:36.000000 UTC	Disabled
1260	explorer.exe	0x7ffa481f0000	0x5b000	Bcp47Langs.dll	C:\Windows\System32\Bcp47Langs.dll	6	2026-09-15 18:43:36.000000 UTC	Disabled
1260	explorer.exe	0x7ffa4e9a0000	0x29000	SLC.dll	C:\Windows\System32\SLC.dll	6	2026-09-15 18:43:36.000000 UTC	Disabled
1260	explorer.exe	0x7ffa4e970000	0x25000	sppc.dll	C:\Windows\System32\sppc.dll	6	2026-09-15 18:43:36.000000 UTC	Disabled
1260	explorer.exe	0x7ffa4fdd0000	0x24000	profapi.dll	C:\Windows\SYSTEM32\profapi.dll	6	2026-09-15 18:43:36.000000 UTC	Disabled
1260	explorer.exe	0x7ffa49d50000	0x7d4000	OneCoreUAPCommonProxyStub.dll	C:\Windows\System32\OneCoreUAPCommonProxyStub.dll	6	2026-09-15 18:43:36.000000 UTC	Disabled
1260	explorer.exe	0x7ffa36a40000	0x5c6000	StartTileData.dll	C:\Windows\System32\StartTileData.dll	6	2026-09-15 18:43:36.000000 UTC	Disabled
1260	explorer.exe	0x7ffa4ef90000	0x19000	wkscli.dll	C:\Windows\System32\wkscli.dll	6	2026-09-15 18:43:36.000000 UTC	Disabled
1260	explorer.exe	0x7ffa421e0000	0x19000	NETAPI32.dll	C:\Windows\System32\NETAPI32.dll	6	2026-09-15 18:43:36.000000 UTC	Disabled
1260	explorer.exe	0x7ffa4c740000	0x141000	DSREG.DLL	C:\Windows\System32\DSREG.DLL	6	2026-09-15 18:43:36.000000 UTC	Disabled
1260	explorer.exe	0x7ffa4ef00000	0x8a000	msvcp110_win.dll	C:\Windows\System32\msvcp110_win.dll	6	2026-09-15 18:43:36.000000 UTC	Disabled
1260	explorer.exe	0x7ffa48070000	0xf8000	MrmCoreR.dll	C:\Windows\System32\MrmCoreR.dll	6	2026-09-15 18:43:36.000000 UTC	Disabled
1260	explorer.exe	0x7ffa47f30000	0x13f000	Windows.UI.dll	C:\Windows\System32\Windows.UI.dll	6	2026-09-15 18:43:36.000000 UTC	Disabled
1260	explorer.exe	0x7ffa4aaf0000	0xa1000	WindowManagementAPI.dll	C:\Windows\System32\WindowManagementAPI.dll	6	2026-09-15 18:43:36.000000 UTC	Disabled
1260	explorer.exe	0x7ffa47e00000	0xf9000	TextInputFramework.dll	C:\Windows\System32\TextInputFramework.dll	6	2026-09-15 18:43:36.000000 UTC	Disabled
1260	explorer.exe	0x7ffa47ca0000	0x152000	InputHost.dll	C:\Windows\System32\InputHost.dll	6	2026-09-15 18:43:36.000000 UTC	Disabled
1260	explorer.exe	0x7ffa4ca90000	0x35b000	CoreUIComponents.dll	C:\Windows\System32\CoreUIComponents.dll	-1	2026-09-15 18:43:36.000000 UTC	Disabled
1260	explorer.exe	0x7ffa4b950000	0x157000	wintypes.dll	C:\Windows\SYSTEM32\wintypes.dll	-1	2026-09-15 18:43:36.000000 UTC	Disabled
1260	explorer.exe	0x7ffa4b470000	0x16000	usermgrcli.dll	C:\Windows\SYSTEM32\usermgrcli.dll	6	2026-09-15 18:43:36.000000 UTC	Disabled
1260	explorer.exe	0x7ffa3dc40000	0x146000	Windows.StateRepositoryPS.dll	C:\Windows\System32\Windows.StateRepositoryPS.dll	6	2026-09-15 18:43:36.000000 UTC	Disabled
1260	explorer.exe	0x7ffa47c00000	0x41000	languageoverlayutil.dll	C:\Windows\SYSTEM32\languageoverlayutil.dll	6	2026-09-15 18:43:36.000000 UTC	Disabled
1260	explorer.exe	0x7ffa47af0000	0x2d000	bcp47mrm.dll	C:\Windows\System32\bcp47mrm.dll	6	2026-09-15 18:43:36.000000 UTC	Disabled
1260	explorer.exe	0x7ffa44170000	0xe9000	Windows.ApplicationModel.dll	C:\Windows\System32\Windows.ApplicationModel.dll	6	2026-09-15 18:43:36.000000 UTC	Disabled
1260	explorer.exe	0x7ffa430e0000	0x31000	IDStore.dll	C:\Windows\System32\IDStore.dll	6	2026-09-15 18:43:36.000000 UTC	Disabled
1260	explorer.exe	0x7ffa49610000	0x106000	AppXDeploymentClient.dll	C:\Windows\System32\AppXDeploymentClient.dll	6	2026-09-15 18:43:36.000000 UTC	Disabled
1260	explorer.exe	0x7ffa4b820000	0x27000	SAMLIB.dll	C:\Windows\System32\SAMLIB.dll	6	2026-09-15 18:43:36.000000 UTC	Disabled
1260	explorer.exe	0x7ffa37da0000	0xaa000	wlidprov.dll	C:\Windows\System32\wlidprov.dll	6	2026-09-15 18:43:36.000000 UTC	Disabled
1260	explorer.exe	0x7ffa43f50000	0x19000	samcli.dll	C:\Windows\System32\samcli.dll	6	2026-09-15 18:43:36.000000 UTC	Disabled
1260	explorer.exe	0x7ffa4ae90000	0xa1000	policymanager.dll	C:\Windows\SYSTEM32\policymanager.dll	6	2026-09-15 18:43:36.000000 UTC	Disabled
1260	explorer.exe	0x7ffa350f0000	0x2f5000	windowsudk.shellcommon.dll	C:\Windows\system32\windowsudk.shellcommon.dll	6	2026-09-15 18:43:36.000000 UTC	Disabled
1260	explorer.exe	0x7ffa34f40000	0x80000	DictationManager.dll	C:\Windows\system32\DictationManager.dll	6	2026-09-15 18:43:36.000000 UTC	Disabled
1260	explorer.exe	0x7ffa4b250000	0x36000	XmlLite.dll	C:\Windows\system32\XmlLite.dll	6	2026-09-15 18:43:36.000000 UTC	Disabled
1260	explorer.exe	0x7ffa424a0000	0x79000	SystemSettings.DataModel.dll	C:\Windows\System32\SystemSettings.DataModel.dll	6	2026-09-15 18:43:36.000000 UTC	Disabled
1260	explorer.exe	0x7ffa4fc70000	0x63000	winsta.dll	C:\Windows\SYSTEM32\winsta.dll	-1	2026-09-15 18:43:36.000000 UTC	Disabled
1260	explorer.exe	0x7ffa49b00000	0x50000	SndVolSSO.DLL	C:\Windows\SYSTEM32\SndVolSSO.DLL	6	2026-09-15 18:43:36.000000 UTC	Disabled
1260	explorer.exe	0x7ffa49370000	0x85000	MMDevAPI.DLL	C:\Windows\SYSTEM32\MMDevAPI.DLL	6	2026-09-15 18:43:36.000000 UTC	Disabled
1260	explorer.exe	0x7ffa4fb50000	0x33000	DEVOBJ.dll	C:\Windows\SYSTEM32\DEVOBJ.dll	6	2026-09-15 18:43:36.000000 UTC	Disabled
1260	explorer.exe	0x7ffa500d0000	0x4e000	cfgmgr32.dll	C:\Windows\System32\cfgmgr32.dll	-1	2026-09-15 18:43:36.000000 UTC	Disabled
1260	explorer.exe	0x7ffa34ce0000	0x66000	OLEACC.dll	C:\Windows\SYSTEM32\OLEACC.dll	6	2026-09-15 18:43:36.000000 UTC	Disabled
1260	explorer.exe	0x7ffa43950000	0xa6000	StructuredQuery.dll	C:\Windows\System32\StructuredQuery.dll	6	2026-09-15 18:43:36.000000 UTC	Disabled
1260	explorer.exe	0x7ffa395a0000	0x28d000	Windows.CloudStore.dll	C:\Windows\System32\Windows.CloudStore.dll	6	2026-09-15 18:43:36.000000 UTC	Disabled
1260	explorer.exe	0x7ffa44c90000	0xac000	TextShaping.dll	C:\Windows\SYSTEM32\TextShaping.dll	6	2026-09-15 18:43:36.000000 UTC	Disabled
1260	explorer.exe	0x7ffa4d630000	0x1b6000	windowscodecs.dll	C:\Windows\system32\windowscodecs.dll	6	2026-09-15 18:43:36.000000 UTC	Disabled
1260	explorer.exe	0x7ffa3d630000	0xc7000	Windows.Storage.Search.dll	C:\Windows\system32\Windows.Storage.Search.dll	6	2026-09-15 18:43:36.000000 UTC	Disabled
1260	explorer.exe	0x7ffa37340000	0x45000	Windows.StateRepositoryClient.dll	C:\Windows\System32\Windows.StateRepositoryClient.dll	6	2026-09-15 18:43:36.000000 UTC	Disabled
1260	explorer.exe	0x7ffa3daf0000	0x28000	mssprxy.dll	C:\Windows\system32\mssprxy.dll	6	2026-09-15 18:43:36.000000 UTC	Disabled
1260	explorer.exe	0x7ffa37230000	0x37000	AppExtension.dll	C:\Windows\System32\AppExtension.dll	6	2026-09-15 18:43:36.000000 UTC	Disabled
1260	explorer.exe	0x7ffa3da60000	0x24000	edputil.dll	C:\Windows\SYSTEM32\edputil.dll	6	2026-09-15 18:43:36.000000 UTC	Disabled
1260	explorer.exe	0x7ffa3c860000	0xc3000	Windows.Web.dll	C:\Windows\System32\Windows.Web.dll	6	2026-09-15 18:43:36.000000 UTC	Disabled
1260	explorer.exe	0x7ffa4c8a0000	0x1e4000	dcomp.dll	C:\Windows\System32\dcomp.dll	6	2026-09-15 18:43:36.000000 UTC	Disabled
1260	explorer.exe	0x7ffa4bab0000	0x264000	d3d11.dll	C:\Windows\SYSTEM32\d3d11.dll	6	2026-09-15 18:43:36.000000 UTC	Disabled
1260	explorer.exe	0x7ffa47c50000	0x4d000	vm3dum64_loader.dll	C:\Windows\System32\DriverStore\FileRepository\vm3d.inf_amd64_39d3dfd189710365\vm3dum64_loader.dll	6	2026-09-15 18:43:36.000000 UTC	Disabled
1260	explorer.exe	0x7ffa47b60000	0xa0000	vm3dum64_10.dll	C:\Windows\System32\DriverStore\FileRepository\vm3d.inf_amd64_39d3dfd189710365\vm3dum64_10.dll	6	2026-09-15 18:43:36.000000 UTC	Disabled
1260	explorer.exe	0x7ffa47b20000	0xa000	VERSION.dll	C:\Windows\SYSTEM32\VERSION.dll	6	2026-09-15 18:43:36.000000 UTC	Disabled
1260	explorer.exe	0x7ffa47b30000	0x27000	WINMM.dll	C:\Windows\SYSTEM32\WINMM.dll	6	2026-09-15 18:43:36.000000 UTC	Disabled
1260	explorer.exe	0x7ffa481b0000	0x3b000	dxcore.dll	C:\Windows\SYSTEM32\dxcore.dll	6	2026-09-15 18:43:36.000000 UTC	Disabled
1260	explorer.exe	0x7ffa4c180000	0x5c0000	d2d1.dll	C:\Windows\SYSTEM32\d2d1.dll	6	2026-09-15 18:43:36.000000 UTC	Disabled
1260	explorer.exe	0x7ffa44f50000	0x27f000	DWrite.dll	C:\Windows\SYSTEM32\DWrite.dll	6	2026-09-15 18:43:36.000000 UTC	Disabled
1260	explorer.exe	0x7ffa438a0000	0x11000	windows.staterepositorycore.dll	C:\Windows\SYSTEM32\windows.staterepositorycore.dll	6	2026-09-15 18:43:36.000000 UTC	Disabled
1260	explorer.exe	0x7ffa3a2c0000	0x22000	cldapi.dll	C:\Windows\SYSTEM32\cldapi.dll	-1	2026-09-15 18:43:36.000000 UTC	Disabled
1260	explorer.exe	0x7ffa3c600000	0xb000	FLTLIB.DLL	C:\Windows\SYSTEM32\FLTLIB.DLL	-1	2026-09-15 18:43:36.000000 UTC	Disabled
1260	explorer.exe	0x7ffa4d490000	0x94000	apphelp.dll	C:\Windows\SYSTEM32\apphelp.dll	-1	2026-09-15 18:43:36.000000 UTC	Disabled
1260	explorer.exe	0x7ffa356b0000	0x176000	SearchUx.Model.dll	C:\Windows\SystemApps\Microsoft.Windows.Search_cw5n1h2txyewy\SearchUx.Model.dll	6	2026-09-15 18:43:37.000000 UTC	Disabled
1260	explorer.exe	0x7ffa44d40000	0x1a6000	Windows.Globalization.dll	C:\Windows\System32\Windows.Globalization.dll	6	2026-09-15 18:43:37.000000 UTC	Disabled
1260	explorer.exe	0x7ffa35b90000	0x3e000	dataexchange.dll	C:\Windows\system32\dataexchange.dll	6	2026-09-15 18:43:37.000000 UTC	Disabled
1260	explorer.exe	0x7ffa37390000	0x9c000	TileDataRepository.dll	C:\Windows\System32\TileDataRepository.dll	6	2026-09-15 18:43:37.000000 UTC	Disabled
1260	explorer.exe	0x7ffa455b0000	0xb1000	StateRepository.Core.dll	C:\Windows\System32\StateRepository.Core.dll	6	2026-09-15 18:43:37.000000 UTC	Disabled
1260	explorer.exe	0x7ffa45770000	0x590000	Windows.StateRepository.dll	C:\Windows\System32\Windows.StateRepository.dll	6	2026-09-15 18:43:37.000000 UTC	Disabled
1260	explorer.exe	0x7ffa347a0000	0x258000	explorerframe.dll	C:\Windows\system32\explorerframe.dll	6	2026-09-15 18:43:37.000000 UTC	Disabled
1260	explorer.exe	0x7ffa51250000	0x79000	coml2.dll	C:\Windows\System32\coml2.dll	6	2026-09-15 18:43:37.000000 UTC	Disabled
1260	explorer.exe	0x7ffa36040000	0x6b4000	twinui.pcshell.dll	C:\Windows\system32\twinui.pcshell.dll	6	2026-09-15 18:43:37.000000 UTC	Disabled
1260	explorer.exe	0x7ffa50420000	0x15d000	CRYPT32.dll	C:\Windows\System32\CRYPT32.dll	6	2026-09-15 18:43:37.000000 UTC	Disabled
1260	explorer.exe	0x7ffa48480000	0x6f000	wincorlib.DLL	C:\Windows\system32\wincorlib.DLL	6	2026-09-15 18:43:37.000000 UTC	Disabled
1260	explorer.exe	0x7ffa38e80000	0x4db000	cdp.dll	C:\Windows\system32\cdp.dll	6	2026-09-15 18:43:37.000000 UTC	Disabled
1260	explorer.exe	0x7ffa48e20000	0xc5000	windows.immersiveshell.serviceprovider.dll	C:\Windows\System32\windows.immersiveshell.serviceprovider.dll	6	2026-09-15 18:43:37.000000 UTC	Disabled
1260	explorer.exe	0x7ffa35b20000	0x67000	thumbcache.dll	C:\Windows\System32\thumbcache.dll	6	2026-09-15 18:43:37.000000 UTC	Disabled
1260	explorer.exe	0x7ffa43060000	0x7f000	OneCoreCommonProxyStub.dll	C:\Windows\System32\OneCoreCommonProxyStub.dll	6	2026-09-15 18:43:37.000000 UTC	Disabled
1260	explorer.exe	0x7ffa44030000	0x81000	PhotoMetadataHandler.dll	C:\Windows\SYSTEM32\PhotoMetadataHandler.dll	6	2026-09-15 18:43:37.000000 UTC	Disabled
1260	explorer.exe	0x7ffa37cf0000	0xa6000	twinui.appcore.dll	C:\Windows\System32\twinui.appcore.dll	6	2026-09-15 18:43:37.000000 UTC	Disabled
1260	explorer.exe	0x7ffa34080000	0x618000	twinui.dll	C:\Windows\system32\twinui.dll	6	2026-09-15 18:43:37.000000 UTC	Disabled
1260	explorer.exe	0x7ffa3f920000	0x51000	pdh.dll	C:\Windows\system32\pdh.dll	6	2026-09-15 18:43:37.000000 UTC	Disabled
1260	explorer.exe	0x7ffa33fd0000	0xa9000	ApplicationFrame.dll	C:\Windows\System32\ApplicationFrame.dll	6	2026-09-15 18:43:37.000000 UTC	Disabled
1260	explorer.exe	0x7ffa35aa0000	0x7d000	ntshrui.dll	C:\Windows\SYSTEM32\ntshrui.dll	6	2026-09-15 18:43:37.000000 UTC	Disabled
1260	explorer.exe	0x7ffa3e680000	0x12000	cscapi.dll	C:\Windows\SYSTEM32\cscapi.dll	6	2026-09-15 18:43:37.000000 UTC	Disabled
1260	explorer.exe	0x7ffa4da60000	0x2a000	rmclient.dll	C:\Windows\SYSTEM32\rmclient.dll	6	2026-09-15 18:43:37.000000 UTC	Disabled
1260	explorer.exe	0x7ffa35c60000	0xd000	LINKINFO.dll	C:\Windows\SYSTEM32\LINKINFO.dll	6	2026-09-15 18:43:37.000000 UTC	Disabled
1260	explorer.exe	0x7ffa33940000	0x2f4000	FileSyncShell64.dll	C:\Users\Patrick\AppData\Local\Microsoft\OneDrive\26.158.0816.0003\FileSyncShell64.dll	6	2026-09-15 18:43:37.000000 UTC	Disabled
1260	explorer.exe	0x7ffa43ad0000	0xc000	Secur32.dll	C:\Windows\SYSTEM32\Secur32.dll	6	2026-09-15 18:43:37.000000 UTC	Disabled
1260	explorer.exe	0x7ffa4f760000	0xc000	CRYPTBASE.DLL	C:\Windows\SYSTEM32\CRYPTBASE.DLL	6	2026-09-15 18:43:37.000000 UTC	Disabled
1260	explorer.exe	0x7ffa48de0000	0x37000	EhStorShell.dll	C:\Windows\System32\EhStorShell.dll	6	2026-09-15 18:43:37.000000 UTC	Disabled
1260	explorer.exe	0x7ffa522a0000	0x470000	SETUPAPI.dll	C:\Windows\System32\SETUPAPI.dll	6	2026-09-15 18:43:37.000000 UTC	Disabled
1260	explorer.exe	0x7ffa3ce70000	0xcd000	cscui.dll	C:\Windows\System32\cscui.dll	6	2026-09-15 18:43:37.000000 UTC	Disabled
1260	explorer.exe	0x7ffa3cd90000	0xd6000	HolographicExtensions.dll	C:\Windows\System32\HolographicExtensions.dll	6	2026-09-15 18:43:38.000000 UTC	Disabled
1260	explorer.exe	0x7ffa4d930000	0x14000	ResourcePolicyClient.dll	C:\Windows\System32\ResourcePolicyClient.dll	6	2026-09-15 18:43:38.000000 UTC	Disabled
1260	explorer.exe	0x7ffa4b050000	0x1c000	VirtualMonitorManager.dll	C:\Windows\System32\VirtualMonitorManager.dll	6	2026-09-15 18:43:38.000000 UTC	Disabled
1260	explorer.exe	0x7ffa46550000	0x138000	Windows.UI.Immersive.dll	C:\Windows\System32\Windows.UI.Immersive.dll	6	2026-09-15 18:43:38.000000 UTC	Disabled
1260	explorer.exe	0x7ffa43bf0000	0x6c000	AboveLockAppHost.dll	C:\Windows\System32\AboveLockAppHost.dll	6	2026-09-15 18:43:38.000000 UTC	Disabled
1260	explorer.exe	0x7ffa43b00000	0x35000	npsm.dll	C:\Windows\System32\npsm.dll	6	2026-09-15 18:43:38.000000 UTC	Disabled
1260	explorer.exe	0x7ffa3f720000	0x56000	Windows.Shell.BlueLightReduction.dll	C:\Windows\System32\Windows.Shell.BlueLightReduction.dll	6	2026-09-15 18:43:38.000000 UTC	Disabled
1260	explorer.exe	0x7ffa4a700000	0xae000	mscms.dll	C:\Windows\System32\mscms.dll	6	2026-09-15 18:43:38.000000 UTC	Disabled
1260	explorer.exe	0x7ffa4a6e0000	0x11000	ColorAdapterClient.dll	C:\Windows\System32\ColorAdapterClient.dll	6	2026-09-15 18:43:38.000000 UTC	Disabled
1260	explorer.exe	0x7ffa33830000	0x110000	Windows.Internal.Signals.dll	C:\Windows\System32\Windows.Internal.Signals.dll	6	2026-09-15 18:43:38.000000 UTC	Disabled
1260	explorer.exe	0x7ffa4e820000	0x11b000	tdh.dll	C:\Windows\SYSTEM32\tdh.dll	6	2026-09-15 18:43:38.000000 UTC	Disabled
1260	explorer.exe	0x7ffa2d3c0000	0x1bc000	MFPlat.DLL	C:\Windows\SYSTEM32\MFPlat.DLL	-1	2026-09-15 18:43:38.000000 UTC	Disabled
1260	explorer.exe	0x7ffa2d380000	0x34000	RTWorkQ.DLL	C:\Windows\SYSTEM32\RTWorkQ.DLL	-1	2026-09-15 18:43:38.000000 UTC	Disabled
1260	explorer.exe	0x7ffa33670000	0x17e000	TaskFlowDataEngine.dll	C:\Windows\System32\TaskFlowDataEngine.dll	6	2026-09-15 18:58:45.000000 UTC	Disabled
1260	explorer.exe	0x7ffa491f0000	0xa2000	ActXPrxy.dll	C:\Windows\System32\ActXPrxy.dll	6	2026-09-15 18:58:45.000000 UTC	Disabled
1260	explorer.exe	0x7ffa38ba0000	0x11d000	Windows.Security.Authentication.Web.Core.dll	C:\Windows\System32\Windows.Security.Authentication.Web.Core.dll	6	2026-09-15 18:58:46.000000 UTC	Disabled
1260	explorer.exe	0x7ffa3cf50000	0x88000	Windows.Data.Activities.dll	C:\Windows\System32\Windows.Data.Activities.dll	6	2026-09-15 18:58:46.000000 UTC	Disabled
1260	explorer.exe	0x7ffa3bee0000	0x87000	Windows.Devices.Enumeration.dll	C:\Windows\System32\Windows.Devices.Enumeration.dll	6	2026-09-15 18:58:46.000000 UTC	Disabled
1260	explorer.exe	0x7ffa438c0000	0x46000	MSWB7.dll	C:\Windows\System32\MSWB7.dll	6	2026-09-15 18:58:46.000000 UTC	Disabled
1260	explorer.exe	0x7ffa4a630000	0x20000	DevDispItemProvider.dll	C:\Windows\System32\DevDispItemProvider.dll	6	2026-09-15 18:58:46.000000 UTC	Disabled
1260	explorer.exe	0x7ffa33570000	0x6d000	Windows.Internal.UI.Shell.WindowTabManager.dll	C:\Windows\System32\Windows.Internal.UI.Shell.WindowTabManager.dll	6	2026-09-15 18:58:46.000000 UTC	Disabled
1260	explorer.exe	0x7ffa35bd0000	0x63000	NotificationControllerPS.dll	C:\Windows\System32\NotificationControllerPS.dll	6	2026-09-15 18:58:46.000000 UTC	Disabled
1260	explorer.exe	0x7ffa39b60000	0xb9000	Windows.Networking.Connectivity.dll	C:\Windows\System32\Windows.Networking.Connectivity.dll	6	2026-09-15 18:58:46.000000 UTC	Disabled
1260	explorer.exe	0x7ffa33460000	0x104000	Windows.UI.Core.TextInput.dll	C:\Windows\System32\Windows.UI.Core.TextInput.dll	6	2026-09-15 18:58:46.000000 UTC	Disabled
1260	explorer.exe	0x7ffa4a820000	0x47000	UIAnimation.dll	C:\Windows\System32\UIAnimation.dll	6	2026-09-15 18:58:47.000000 UTC	Disabled
1260	explorer.exe	0x7ffa45200000	0x10000	npmproxy.dll	C:\Windows\System32\npmproxy.dll	6	2026-09-15 18:58:47.000000 UTC	Disabled
1260	explorer.exe	0x7ffa43d20000	0x13000	PCShellCommonProxyStub.dll	C:\Windows\System32\PCShellCommonProxyStub.dll	6	2026-09-15 18:58:47.000000 UTC	Disabled
1260	explorer.exe	0x7ffa37af0000	0xb1000	daxexec.dll	C:\Windows\SYSTEM32\daxexec.dll	6	2026-09-15 18:58:47.000000 UTC	Disabled
1260	explorer.exe	0x7ffa37a90000	0x42000	container.dll	C:\Windows\System32\container.dll	6	2026-09-15 18:58:47.000000 UTC	Disabled
1260	explorer.exe	0x7ffa498b0000	0x77000	cryptngc.dll	C:\Windows\System32\cryptngc.dll	6	2026-09-15 18:58:47.000000 UTC	Disabled
1260	explorer.exe	0x7ffa4f860000	0x27000	ncrypt.dll	C:\Windows\System32\ncrypt.dll	6	2026-09-15 18:58:47.000000 UTC	Disabled
1260	explorer.exe	0x7ffa4f820000	0x3b000	NTASN1.dll	C:\Windows\System32\NTASN1.dll	6	2026-09-15 18:58:47.000000 UTC	Disabled
1260	explorer.exe	0x7ffa43cd0000	0x2f000	cflapi.dll	C:\Windows\SYSTEM32\cflapi.dll	6	2026-09-15 18:58:47.000000 UTC	Disabled
1260	explorer.exe	0x7ffa33370000	0xef000	ShellCommonCommonProxyStub.dll	C:\Windows\System32\ShellCommonCommonProxyStub.dll	6	2026-09-15 18:58:47.000000 UTC	Disabled
1260	explorer.exe	0x7ffa43020000	0x31000	winbio.dll	C:\Windows\SYSTEM32\winbio.dll	6	2026-09-15 18:58:48.000000 UTC	Disabled
1260	explorer.exe	0x7ffa3cd20000	0x6d000	MDMRegistration.DLL	C:\Windows\SYSTEM32\MDMRegistration.DLL	6	2026-09-15 18:58:48.000000 UTC	Disabled
1260	explorer.exe	0x7ffa33250000	0x3a000	omadmapi.dll	C:\Windows\SYSTEM32\omadmapi.dll	6	2026-09-15 18:58:48.000000 UTC	Disabled
1260	explorer.exe	0x7ffa3dde0000	0x7e000	DMCmnUtils.dll	C:\Windows\SYSTEM32\DMCmnUtils.dll	6	2026-09-15 18:58:48.000000 UTC	Disabled
1260	explorer.exe	0x7ffa49000000	0x1b000	tbs.dll	C:\Windows\SYSTEM32\tbs.dll	6	2026-09-15 18:58:48.000000 UTC	Disabled
1260	explorer.exe	0x7ffa51420000	0x1d000	imagehlp.dll	C:\Windows\System32\imagehlp.dll	6	2026-09-15 18:58:48.000000 UTC	Disabled
1260	explorer.exe	0x7ffa484f0000	0x6f6000	D3D10Warp.dll	C:\Windows\SYSTEM32\D3D10Warp.dll	6	2026-09-15 18:58:48.000000 UTC	Disabled
1260	explorer.exe	0x7ffa314d0000	0x2f4000	UIAutomationCore.DLL	C:\Windows\SYSTEM32\UIAutomationCore.DLL	6	2026-09-15 18:58:48.000000 UTC	Disabled
1260	explorer.exe	0x7ffa35620000	0x86000	UserSetup.Eligibility.dll	C:\Windows\SystemApps\MicrosoftWindows.Client.CBS_cw5n1h2txyewy\UserSetup.Eligibility.dll	6	2026-09-15 18:58:49.000000 UTC	Disabled
1260	explorer.exe	0x7ffa39e80000	0x8d000	MSVCP140_APP.dll	C:\Windows\SystemApps\MicrosoftWindows.Client.CBS_cw5n1h2txyewy\MSVCP140_APP.dll	6	2026-09-15 18:58:49.000000 UTC	Disabled
1260	explorer.exe	0x7ffa39f10000	0x30000	clipc.dll	C:\Windows\SYSTEM32\clipc.dll	6	2026-09-15 18:58:49.000000 UTC	Disabled
1260	explorer.exe	0x7ffa43b90000	0x1b000	VCRUNTIME140_APP.dll	C:\Windows\SystemApps\MicrosoftWindows.Client.CBS_cw5n1h2txyewy\VCRUNTIME140_APP.dll	6	2026-09-15 18:58:49.000000 UTC	Disabled
1260	explorer.exe	0x7ffa4b6e0000	0xc000	VCRUNTIME140_1_APP.dll	C:\Windows\SystemApps\MicrosoftWindows.Client.CBS_cw5n1h2txyewy\VCRUNTIME140_1_APP.dll	6	2026-09-15 18:58:49.000000 UTC	Disabled
1260	explorer.exe	0x7ffa39f40000	0x52000	stobject.dll	C:\Windows\system32\stobject.dll	6	2026-09-15 18:58:49.000000 UTC	Disabled
1260	explorer.exe	0x7ffa4b090000	0x11000	WMICLNT.dll	C:\Windows\system32\WMICLNT.dll	6	2026-09-15 18:58:49.000000 UTC	Disabled
1260	explorer.exe	0x7ffa4b670000	0xf000	BatMeter.dll	C:\Windows\system32\BatMeter.dll	6	2026-09-15 18:58:49.000000 UTC	Disabled
1260	explorer.exe	0x7ffa4fbc0000	0xa2000	sxs.dll	C:\Windows\SYSTEM32\sxs.dll	6	2026-09-15 18:58:49.000000 UTC	Disabled
1260	explorer.exe	0x7ffa335e0000	0x87000	InputSwitch.dll	C:\Windows\System32\InputSwitch.dll	6	2026-09-15 18:58:49.000000 UTC	Disabled
1260	explorer.exe	0x7ffa49820000	0x6c000	es.dll	C:\Windows\system32\es.dll	6	2026-09-15 18:58:49.000000 UTC	Disabled
1260	explorer.exe	0x7ffa39db0000	0x3e000	prnfldr.dll	C:\Windows\system32\prnfldr.dll	6	2026-09-15 18:58:49.000000 UTC	Disabled
1260	explorer.exe	0x7ffa4b5b0000	0xe000	Windows.UI.Shell.dll	C:\Windows\System32\Windows.UI.Shell.dll	6	2026-09-15 18:58:49.000000 UTC	Disabled
1260	explorer.exe	0x7ffa37060000	0x5e000	wpnclient.dll	C:\Windows\System32\wpnclient.dll	6	2026-09-15 18:58:50.000000 UTC	Disabled
1260	explorer.exe	0x7ffa3e7c0000	0x17000	ondemandconnroutehelper.dll	C:\Windows\SYSTEM32\ondemandconnroutehelper.dll	6	2026-09-15 18:58:51.000000 UTC	Disabled
1260	explorer.exe	0x7ffa46340000	0x10a000	winhttp.dll	C:\Windows\SYSTEM32\winhttp.dll	6	2026-09-15 18:58:51.000000 UTC	Disabled
1260	explorer.exe	0x7ffa50830000	0x8000	NSI.dll	C:\Windows\System32\NSI.dll	6	2026-09-15 18:58:51.000000 UTC	Disabled
1260	explorer.exe	0x7ffa4f550000	0x6a000	mswsock.dll	C:\Windows\system32\mswsock.dll	6	2026-09-15 18:58:51.000000 UTC	Disabled
1260	explorer.exe	0x7ffa4a650000	0xb000	WINNSI.DLL	C:\Windows\SYSTEM32\WINNSI.DLL	6	2026-09-15 18:58:51.000000 UTC	Disabled
1260	explorer.exe	0x7ffa4fbb0000	0xa000	DPAPI.DLL	C:\Windows\System32\DPAPI.DLL	6	2026-09-15 18:58:51.000000 UTC	Disabled
1260	explorer.exe	0x7ffa4f980000	0x12000	MSASN1.dll	C:\Windows\System32\MSASN1.dll	6	2026-09-15 18:58:51.000000 UTC	Disabled
1260	explorer.exe	0x7ffa50050000	0x73000	WINTRUST.dll	C:\Windows\System32\WINTRUST.dll	6	2026-09-15 18:58:51.000000 UTC	Disabled
1260	explorer.exe	0x7ffa4ee70000	0x38000	rsaenh.dll	C:\Windows\system32\rsaenh.dll	6	2026-09-15 18:58:51.000000 UTC	Disabled
1260	explorer.exe	0x7ffa2d0a0000	0xd000	atlthunk.dll	C:\Windows\SYSTEM32\atlthunk.dll	6	2026-09-15 18:58:52.000000 UTC	Disabled
1260	explorer.exe	0x7ffa32250000	0x83000	dxp.dll	C:\Windows\system32\dxp.dll	6	2026-09-15 18:58:52.000000 UTC	Disabled
1260	explorer.exe	0x7ffa35940000	0x46000	SHDOCVW.dll	C:\Windows\system32\SHDOCVW.dll	6	2026-09-15 18:58:52.000000 UTC	Disabled
1260	explorer.exe	0x7ffa3a2f0000	0x19000	Syncreg.dll	C:\Windows\system32\Syncreg.dll	6	2026-09-15 18:58:52.000000 UTC	Disabled
1260	explorer.exe	0x7ffa2da10000	0x53000	Actioncenter.dll	C:\Windows\System32\Actioncenter.dll	6	2026-09-15 18:58:52.000000 UTC	Disabled
1260	explorer.exe	0x7ffa4b0b0000	0x65000	wevtapi.dll	C:\Windows\System32\wevtapi.dll	6	2026-09-15 18:58:52.000000 UTC	Disabled
1260	explorer.exe	0x7ffa2d750000	0x64000	Windows.FileExplorer.Common.dll	C:\Windows\System32\Windows.FileExplorer.Common.dll	6	2026-09-15 18:58:52.000000 UTC	Disabled
1260	explorer.exe	0x7ffa49480000	0x181000	AUDIOSES.DLL	C:\Windows\SYSTEM32\AUDIOSES.DLL	6	2026-09-15 18:58:52.000000 UTC	Disabled
1260	explorer.exe	0x7ffa2ca30000	0x219000	pnidui.dll	C:\Windows\System32\pnidui.dll	6	2026-09-15 18:58:52.000000 UTC	Disabled
1260	explorer.exe	0x7ffa46040000	0xa000	MobileNetworking.dll	C:\Windows\System32\MobileNetworking.dll	6	2026-09-15 18:58:52.000000 UTC	Disabled
1260	explorer.exe	0x7ffa4b570000	0x3f000	netprofm.dll	C:\Windows\System32\netprofm.dll	6	2026-09-15 18:58:52.000000 UTC	Disabled
1260	explorer.exe	0x7ffa44100000	0x6d000	NetworkUXBroker.dll	C:\Windows\System32\NetworkUXBroker.dll	6	2026-09-15 18:58:52.000000 UTC	Disabled
1260	explorer.exe	0x7ffa440c0000	0x34000	EthernetMediaManager.dll	C:\Windows\System32\EthernetMediaManager.dll	6	2026-09-15 18:58:52.000000 UTC	Disabled
1260	explorer.exe	0x7ffa47a70000	0x74000	wlanapi.dll	C:\Windows\System32\wlanapi.dll	6	2026-09-15 18:58:52.000000 UTC	Disabled
1260	explorer.exe	0x7ffa34ef0000	0x46000	bthprops.cpl	C:\Windows\System32\bthprops.cpl	6	2026-09-15 18:58:52.000000 UTC	Disabled
1260	explorer.exe	0x7ffa49930000	0x17000	dhcpcsvc6.DLL	C:\Windows\SYSTEM32\dhcpcsvc6.DLL	6	2026-09-15 18:58:52.000000 UTC	Disabled
1260	explorer.exe	0x7ffa49890000	0x1d000	dhcpcsvc.DLL	C:\Windows\SYSTEM32\dhcpcsvc.DLL	6	2026-09-15 18:58:52.000000 UTC	Disabled
1260	explorer.exe	0x7ffa37320000	0x11000	dusmapi.dll	C:\Windows\System32\dusmapi.dll	6	2026-09-15 18:58:52.000000 UTC	Disabled
1260	explorer.exe	0x7ffa35f90000	0x15000	wpdshserviceobj.dll	C:\Windows\system32\wpdshserviceobj.dll	6	2026-09-15 18:58:52.000000 UTC	Disabled
1260	explorer.exe	0x7ffa4d2a0000	0x32000	PortableDeviceTypes.dll	C:\Windows\System32\PortableDeviceTypes.dll	6	2026-09-15 18:58:52.000000 UTC	Disabled
1260	explorer.exe	0x7ffa2d670000	0xa3000	PortableDeviceApi.dll	C:\Windows\System32\PortableDeviceApi.dll	6	2026-09-15 18:58:52.000000 UTC	Disabled
1260	explorer.exe	0x7ffa327a0000	0x50000	cscobj.dll	C:\Windows\System32\cscobj.dll	6	2026-09-15 18:58:52.000000 UTC	Disabled
1260	explorer.exe	0x7ffa355e0000	0x3e000	srchadmin.dll	C:\Windows\System32\srchadmin.dll	6	2026-09-15 18:58:52.000000 UTC	Disabled
1260	explorer.exe	0x7ffa2d5e0000	0x83000	SyncCenter.dll	C:\Windows\System32\SyncCenter.dll	6	2026-09-15 18:58:52.000000 UTC	Disabled
1260	explorer.exe	0x7ffa2d2f0000	0x84000	imapi2.dll	C:\Windows\System32\imapi2.dll	6	2026-09-15 18:58:52.000000 UTC	Disabled
1260	explorer.exe	0x7ffa4f270000	0xca000	DNSAPI.dll	C:\Windows\SYSTEM32\DNSAPI.dll	6	2026-09-15 18:58:53.000000 UTC	Disabled
1260	explorer.exe	0x7ffa44460000	0xa000	rasadhlp.dll	C:\Windows\System32\rasadhlp.dll	6	2026-09-15 18:58:53.000000 UTC	Disabled
1260	explorer.exe	0x7ffa45ec0000	0x80000	fwpuclnt.dll	C:\Windows\System32\fwpuclnt.dll	6	2026-09-15 18:58:53.000000 UTC	Disabled
1260	explorer.exe	0x7ffa4ed80000	0x97000	schannel.DLL	C:\Windows\system32\schannel.DLL	6	2026-09-15 18:58:53.000000 UTC	Disabled
1260	explorer.exe	0x7ffa3c5e0000	0x15000	mskeyprotect.dll	C:\Windows\SYSTEM32\mskeyprotect.dll	6	2026-09-15 18:58:53.000000 UTC	Disabled
1260	explorer.exe	0x7ffa3da30000	0x26000	ncryptsslp.dll	C:\Windows\system32\ncryptsslp.dll	6	2026-09-15 18:58:53.000000 UTC	Disabled
1260	explorer.exe	0x7ffa3c660000	0x31000	cryptnet.dll	C:\Windows\System32\cryptnet.dll	6	2026-09-15 18:58:53.000000 UTC	Disabled
1260	explorer.exe	0x7ffa49a80000	0xd000	nlmproxy.dll	C:\Windows\System32\nlmproxy.dll	6	2026-09-15 18:58:56.000000 UTC	Disabled
1260	explorer.exe	0x7ffa4b550000	0x1d000	nlaapi.dll	C:\Windows\System32\nlaapi.dll	6	2026-09-15 18:58:56.000000 UTC	Disabled
1260	explorer.exe	0x7ffa223f0000	0x1a8000	gdiplus.dll	C:\Windows\WinSxS\amd64_microsoft.windows.gdiplus_6595b64144ccf1df_1.1.19041.6456_none_91a399b0cc88bc24\gdiplus.dll	6	2026-09-15 18:58:56.000000 UTC	Disabled
1260	explorer.exe	0x7ffa3a5c0000	0xb9000	SettingSync.dll	C:\Windows\system32\SettingSync.dll	6	2026-09-15 18:59:02.000000 UTC	Disabled
1260	explorer.exe	0x7ffa27940000	0x118000	SettingSyncCore.dll	C:\Windows\system32\SettingSyncCore.dll	6	2026-09-15 18:59:02.000000 UTC	Disabled
1260	explorer.exe	0x7ffa469b0000	0x10c0000	Windows.UI.Xaml.dll	C:\Windows\System32\Windows.UI.Xaml.dll	6	2026-09-15 18:59:17.000000 UTC	Disabled
1260	explorer.exe	0x7ffa33000000	0x24d000	WindowsInternal.ComposableShell.Experiences.Switcher.dll	C:\Windows\ShellComponents\WindowsInternal.ComposableShell.Experiences.Switcher.dll	6	2026-09-15 18:59:17.000000 UTC	Disabled
1260	explorer.exe	0x7ffa32f80000	0x7e000	TileControl.dll	C:\Windows\ShellExperiences\TileControl.dll	6	2026-09-15 18:59:17.000000 UTC	Disabled
1260	explorer.exe	0x7ffa27ab0000	0x215000	TaskFlowUI.dll	C:\Windows\ShellComponents\TaskFlowUI.dll	6	2026-09-15 18:59:17.000000 UTC	Disabled
1260	explorer.exe	0x7ffa37c40000	0xa1000	UiaManager.dll	C:\Windows\System32\UiaManager.dll	6	2026-09-15 18:59:17.000000 UTC	Disabled
1260	explorer.exe	0x7ffa431a0000	0x3d000	wscinterop.dll	C:\Windows\System32\wscinterop.dll	6	2026-09-15 19:00:52.000000 UTC	Disabled
1260	explorer.exe	0x7ffa3a6a0000	0x4d000	WSCAPI.dll	C:\Windows\System32\WSCAPI.dll	6	2026-09-15 19:00:52.000000 UTC	Disabled
1260	explorer.exe	0x7ffa48d80000	0x19000	wscui.cpl	C:\Windows\System32\wscui.cpl	6	2026-09-15 19:00:52.000000 UTC	Disabled
1260	explorer.exe	0x7ffa32c90000	0xde000	werconcpl.dll	C:\Windows\System32\werconcpl.dll	6	2026-09-15 19:00:52.000000 UTC	Disabled
1260	explorer.exe	0x7ffa3db20000	0x5b000	framedynos.dll	C:\Windows\System32\framedynos.dll	6	2026-09-15 19:00:52.000000 UTC	Disabled
1260	explorer.exe	0x7ffa4da90000	0xe6000	wer.dll	C:\Windows\System32\wer.dll	6	2026-09-15 19:00:52.000000 UTC	Disabled
1260	explorer.exe	0x7ffa48c10000	0x14000	hcproviders.dll	C:\Windows\System32\hcproviders.dll	6	2026-09-15 19:00:52.000000 UTC	Disabled
1260	explorer.exe	0x7ffa32ba0000	0xee000	ieproxy.dll	C:\Windows\System32\ieproxy.dll	6	2026-09-15 19:00:52.000000 UTC	Disabled
1260	explorer.exe	0x7ffa49420000	0x54000	usermgrproxy.dll	C:\Windows\System32\usermgrproxy.dll	6	2026-09-15 19:27:07.000000 UTC	Disabled
1260	explorer.exe	0x7ffa31b20000	0x46000	Windows.Internal.System.UserProfile.dll	C:\Windows\System32\Windows.Internal.System.UserProfile.dll	6	2026-09-15 19:28:59.000000 UTC	Disabled
1260	explorer.exe	0x7ffa3a110000	0x34000	storageusage.dll	C:\Windows\SYSTEM32\storageusage.dll	6	2026-09-15 19:32:07.000000 UTC	Disabled
1260	explorer.exe	0x7ffa36700000	0x20000	Windows.StateRepositoryBroker.dll	C:\Windows\System32\Windows.StateRepositoryBroker.dll	6	2026-09-15 19:39:39.000000 UTC	Disabled
1260	explorer.exe	0x7ffa49a90000	0x6c000	DesktopSpotlight.dll	C:\Windows\SystemApps\MicrosoftWindows.Client.CBS_cw5n1h2txyewy\DesktopSpotlight.dll	6	2026-09-15 19:39:40.000000 UTC	Disabled
1260	explorer.exe	0x7ffa4e6f0000	0x23000	gpapi.dll	C:\Windows\SYSTEM32\gpapi.dll	6	2026-09-15 19:48:57.000000 UTC	Disabled
1260	explorer.exe	0x7ffa3b780000	0xb0000	lockcontroller.dll	C:\Windows\system32\lockcontroller.dll	6	2026-09-15 20:09:15.000000 UTC	Disabled
1260	explorer.exe	0x7ffa433c0000	0x7e000	Windows.ApplicationModel.LockScreen.dll	C:\Windows\System32\Windows.ApplicationModel.LockScreen.dll	6	2026-09-15 20:09:15.000000 UTC	Disabled
1260	explorer.exe	0x7ffa30390000	0x38000	NPSMDesktopProvider.dll	C:\Windows\System32\NPSMDesktopProvider.dll	6	2026-09-16 08:44:27.000000 UTC	Disabled
1260	explorer.exe	0x7ffa2e000000	0x65000	BthAvctpSvc.dll	C:\Windows\System32\BthAvctpSvc.dll	6	2026-09-16 08:44:28.000000 UTC	Disabled
1260	explorer.exe	0x7ffa4b6d0000	0x7000	WppRecorderUM.dll	C:\Windows\System32\WppRecorderUM.dll	6	2026-09-16 08:44:28.000000 UTC	Disabled
1260	explorer.exe	0x7ffa3c6d0000	0x56000	dlnashext.dll	C:\Windows\System32\dlnashext.dll	6	2026-09-16 08:44:38.000000 UTC	Disabled
1260	explorer.exe	0x7ffa2daa0000	0x22e000	icu.dll	C:\Windows\System32\icu.dll	6	2026-09-16 08:44:51.000000 UTC	Disabled
1260	explorer.exe	0x7ffa249a0000	0x1b4000	DUI70.dll	C:\Windows\system32\DUI70.dll	6	2026-09-16 08:45:02.000000 UTC	Disabled
1260	explorer.exe	0x7ffa24900000	0x95000	DUser.dll	C:\Windows\system32\DUser.dll	6	2026-09-16 08:45:02.000000 UTC	Disabled
1260	explorer.exe	0x7ffa3bb90000	0x34c000	MsftEdit.dll	C:\Windows\SYSTEM32\MsftEdit.dll	6	2026-09-16 08:45:02.000000 UTC	Disabled
1260	explorer.exe	0x7ffa3bf70000	0x25000	globinputhost.dll	C:\Windows\SYSTEM32\globinputhost.dll	6	2026-09-16 08:45:02.000000 UTC	Disabled
1260	explorer.exe	0x7ffa43470000	0xa9000	tiptsf.dll	C:\Program Files\Common Files\microsoft shared\ink\tiptsf.dll	6	2026-09-16 08:45:02.000000 UTC	Disabled
1260	explorer.exe	0x7ffa2b1e0000	0x3ec000	UIRibbon.dll	C:\Windows\system32\UIRibbon.dll	6	2026-09-16 08:45:02.000000 UTC	Disabled
1260	explorer.exe	0x7ffa40580000	0x1d000	MPR.dll	C:\Windows\SYSTEM32\MPR.dll	6	2026-09-16 08:45:02.000000 UTC	Disabled
1260	explorer.exe	0x7ffa43d40000	0x17000	NetworkExplorer.dll	C:\Windows\system32\NetworkExplorer.dll	6	2026-09-16 08:45:03.000000 UTC	Disabled
1260	explorer.exe	0x7ffa43380000	0x3d000	WorkFoldersShell.dll	C:\Windows\System32\WorkFoldersShell.dll	6	2026-09-16 08:45:14.000000 UTC	Disabled
1260	explorer.exe	0x7ffa3c640000	0x13000	virtdisk.dll	C:\Windows\SYSTEM32\virtdisk.dll	-1	2026-09-16 08:45:24.000000 UTC	Disabled
1260	explorer.exe	0x7ffa43bd0000	0x20000	pcacli.dll	C:\Windows\SYSTEM32\pcacli.dll	6	2026-09-16 08:45:24.000000 UTC	Disabled
1260	explorer.exe	0x7ffa3a7d0000	0x12000	sfc_os.dll	C:\Windows\System32\sfc_os.dll	6	2026-09-16 08:45:24.000000 UTC	Disabled
1260	explorer.exe	0x7ffa2aa70000	0x76c000	ieframe.dll	C:\Windows\System32\ieframe.dll	6	2026-09-16 08:45:24.000000 UTC	Disabled
1260	explorer.exe	0x7ffa3c510000	0x58000	msIso.dll	C:\Windows\SYSTEM32\msIso.dll	6	2026-09-16 08:45:24.000000 UTC	Disabled
1260	explorer.exe	0x7ffa48c30000	0x42000	MLANG.dll	C:\Windows\SYSTEM32\MLANG.dll	6	2026-09-16 08:45:24.000000 UTC	Disabled
1260	explorer.exe	0x7ffa3eea0000	0x23000	UserDataTimeUtil.dll	C:\Windows\System32\UserDataTimeUtil.dll	6	2026-09-16 08:45:24.000000 UTC	Disabled
1260	explorer.exe	0x7ffa31db0000	0xe1000	windows.internal.shell.broker.dll	C:\Windows\System32\windows.internal.shell.broker.dll	6	2026-09-16 08:45:49.000000 UTC	Disabled
1260	explorer.exe	0x7ffa247f0000	0x52000	smartscreenps.dll	C:\Windows\System32\smartscreenps.dll	6	2026-09-16 09:09:55.000000 UTC	Disabled
1260	explorer.exe	0x7ffa442d0000	0x51000	zipfldr.dll	C:\Windows\system32\zipfldr.dll	6	2026-09-16 09:10:51.000000 UTC	Disabled
1260	explorer.exe	0x7ffa2d7c0000	0x9000	IconCodecService.dll	C:\Windows\system32\IconCodecService.dll	6	2026-09-16 09:12:37.000000 UTC	Disabled
1260	explorer.exe	0x7ffa431f0000	0x25000	CHARTV.dll	C:\Windows\SYSTEM32\CHARTV.dll	6	2026-09-16 09:12:38.000000 UTC	Disabled
1260	explorer.exe	0x7ffa3cca0000	0x33000	twext.dll	C:\Windows\system32\twext.dll	6	2026-09-16 09:14:11.000000 UTC	Disabled
1260	explorer.exe	0x7ffa3bb30000	0x55000	shellext.dll	C:\Program Files\Windows Defender\shellext.dll	6	2026-09-16 09:14:11.000000 UTC	Disabled
1260	explorer.exe	0x7ffa35c90000	0x25f000	msxml6.dll	C:\Windows\System32\msxml6.dll	6	2026-09-16 09:14:11.000000 UTC	Disabled
1260	explorer.exe	0x7ffa43440000	0x22000	acppage.dll	C:\Windows\system32\acppage.dll	6	2026-09-16 09:15:43.000000 UTC	Disabled
1260	explorer.exe	0x7ffa30960000	0x33d000	msi.dll	C:\Windows\system32\msi.dll	6	2026-09-16 09:15:43.000000 UTC	Disabled
1260	explorer.exe	0x141c0000	0x3000	sfc.dll	C:\Windows\system32\sfc.dll	6	2026-09-16 09:15:43.000000 UTC	Disabled
1260	explorer.exe	0x7ffa44260000	0x35000	Windows.Energy.dll	C:\Windows\System32\Windows.Energy.dll	6	2026-09-16 09:46:46.000000 UTC	Disabled
1260	explorer.exe	0x7ffa40210000	0x99000	webio.dll	C:\Windows\SYSTEM32\webio.dll	6	2026-09-16 10:06:09.000000 UTC	Disabled
1260	explorer.exe	0x7ffa49310000	0x51000	capauthz.dll	C:\Windows\SYSTEM32\capauthz.dll	6	2026-09-16 10:08:00.000000 UTC	Disabled
1260	explorer.exe	0x7ffa03b30000	0x25000	GraphicsCapture.dll	C:\Windows\System32\GraphicsCapture.dll	6	2026-09-16 12:18:10.000000 UTC	Disabled
1260	explorer.exe	0x7ffa3b1a0000	0xa1000	wpdshext.dll	C:\Windows\system32\wpdshext.dll	6	2026-09-16 12:21:25.000000 UTC	Disabled
1260	explorer.exe	0x7ffa3f040000	0x26000	EhStorAPI.dll	C:\Windows\System32\EhStorAPI.dll	6	2026-09-16 12:21:25.000000 UTC	Disabled
1260	explorer.exe	0x7ffa4b6a0000	0x15000	vmhgfs.dll	C:\Windows\System32\vmhgfs.dll	6	2026-09-16 12:28:08.000000 UTC	Disabled
1260	explorer.exe	0x7ffa42480000	0x1e000	VCRUNTIME140.dll	C:\Windows\System32\VCRUNTIME140.dll	6	2026-09-16 12:28:08.000000 UTC	Disabled
1260	explorer.exe	0x7ffa4b690000	0xb000	drprov.dll	C:\Windows\System32\drprov.dll	6	2026-09-16 12:28:08.000000 UTC	Disabled
1260	explorer.exe	0x7ffa43ed0000	0x1f000	ntlanman.dll	C:\Windows\System32\ntlanman.dll	6	2026-09-16 12:28:08.000000 UTC	Disabled
1260	explorer.exe	0x7ffa43eb0000	0x1e000	davclnt.dll	C:\Windows\System32\davclnt.dll	6	2026-09-16 12:28:08.000000 UTC	Disabled
1260	explorer.exe	0x7ffa48c00000	0xd000	DAVHLPR.dll	C:\Windows\System32\DAVHLPR.dll	6	2026-09-16 12:28:08.000000 UTC	Disabled
1260	explorer.exe	0x7ffa43db0000	0x64000	PlayToDevice.dll	C:\Windows\System32\PlayToDevice.dll	6	2026-09-16 12:29:28.000000 UTC	Disabled
1260	explorer.exe	0x7ffa3ae40000	0x1bc000	cdprt.dll	C:\Windows\System32\cdprt.dll	6	2026-09-16 12:38:25.000000 UTC	Disabled
1260	explorer.exe	0x7ffa3d2c0000	0x32b000	tquery.dll	C:\Windows\system32\tquery.dll	6	2026-09-16 12:38:25.000000 UTC	Disabled
1260	explorer.exe	0x7ffa4f5c0000	0x15000	cryptdll.dll	C:\Windows\system32\cryptdll.dll	6	2026-09-16 12:38:25.000000 UTC	Disabled
1260	explorer.exe	0x7ffa3ba90000	0x26000	rshx32.dll	C:\Windows\system32\rshx32.dll	6	2026-09-16 12:38:29.000000 UTC	Disabled
1260	explorer.exe	0x7ffa4eb90000	0x4f000	AUTHZ.dll	C:\Windows\system32\AUTHZ.dll	6	2026-09-16 12:38:29.000000 UTC	Disabled
1260	explorer.exe	0x7ffa3ba10000	0x11000	mydocs.dll	C:\Windows\system32\mydocs.dll	6	2026-09-16 12:38:43.000000 UTC	Disabled
1260	explorer.exe	0x7ffa3b2e0000	0xab000	rdbui.dll	C:\Windows\system32\rdbui.dll	6	2026-09-16 12:38:43.000000 UTC	Disabled
1260	explorer.exe	0x7ffa3b870000	0x3d000	dskquoui.dll	C:\Windows\System32\dskquoui.dll	6	2026-09-16 12:38:43.000000 UTC	Disabled
1260	explorer.exe	0x7ffa3b900000	0x17000	DfsShlEx.dll	C:\Windows\System32\DfsShlEx.dll	6	2026-09-16 12:38:43.000000 UTC	Disabled
1260	explorer.exe	0x7ffa3b830000	0x15000	dfscli.dll	C:\Windows\System32\dfscli.dll	6	2026-09-16 12:38:43.000000 UTC	Disabled
1260	explorer.exe	0x7ffa3b6e0000	0x30000	srmshell.dll	C:\Windows\System32\srmshell.dll	6	2026-09-16 12:38:43.000000 UTC	Disabled
1260	explorer.exe	0x7ffa3dba0000	0x1d000	ATL.DLL	C:\Windows\System32\ATL.DLL	6	2026-09-16 12:38:43.000000 UTC	Disabled
1260	explorer.exe	0x7ffa3b2c0000	0x1a000	SrmTrace.DLL	C:\Windows\System32\SrmTrace.DLL	6	2026-09-16 12:38:43.000000 UTC	Disabled
1260	explorer.exe	0x7ffa38a10000	0x61000	execmodelclient.dll	C:\Windows\System32\execmodelclient.dll	6	2026-09-16 12:39:43.000000 UTC	Disabled
1260	explorer.exe	0x7ffa37920000	0x18000	execmodelproxy.dll	C:\Windows\system32\execmodelproxy.dll	6	2026-09-16 12:39:43.000000 UTC	Disabled
1260	explorer.exe	0x7ffa38570000	0xbd000	Windows.System.Launcher.dll	C:\Windows\System32\Windows.System.Launcher.dll	6	2026-09-16 12:39:46.000000 UTC	Disabled
1260	explorer.exe	0x7ffa37010000	0x42000	CapabilityAccessManagerClient.dll	C:\Windows\System32\CapabilityAccessManagerClient.dll	6	2026-09-16 12:40:13.000000 UTC	Disabled
